type _bool = bool[@@deriving default]
let default__bool = false
type _int = int[@@deriving default]
let default__int = 0
type _int32 = int32[@@deriving default]
let default__int32 = 0l
type int32_t = Int32.t[@@deriving default]
let default_int32_t = 0l
type _int64 = int64[@@deriving default]
let default__int64 = 0L
type int64_t = Int64.t[@@deriving default]
let default_int64_t = 0L
type _nativeint = nativeint[@@deriving default]
let default__nativeint = 0n
type nativeint_t = Nativeint.t[@@deriving default]
let default_nativeint_t = 0n
type _float = float[@@deriving default]
let default__float = 0.
type float_t = Float.t[@@deriving default]
let default_float_t = 0.
type _char = char[@@deriving default]
let default__char = '\000'
type char_t = Char.t[@@deriving default]
let default_char_t = '\000'
type _string = string[@@deriving default]
let default__string = ""
type string_t = String.t[@@deriving default]
let default_string_t = ""
type _option = int option[@@deriving default]
let default__option = None
type _list = int list[@@deriving default]
let default__list = []
type _array = int array[@@deriving default]
let default__array = [||]
