type _bool = bool[@@deriving default]
let default__bool = false
type _int = int[@@deriving default]
let default__int = 0
type _int32 = int32[@@deriving default]
let default__int32 = 0l
type _int64 = int64[@@deriving default]
let default__int64 = 0L
type _nativeint = nativeint[@@deriving default]
let default__nativeint = 0n
type _float = float[@@deriving default]
let default__float = 0.
type _char = char[@@deriving default]
let default__char = '\000'
type _string = string[@@deriving default]
let default__string = ""
type _option = int option[@@deriving default]
let default__option = None
type _list = int list[@@deriving default]
let default__list = []
type _array = int array[@@deriving default]
let default__array = [||]
